// Jest Snapshot v1, https://goo.gl/fbAQLP

exports[`<App /> renders 1`] = `
.glamor-0,
[data-glamor-0] {
  align-items: center;
  display: -webkit-box;
  display: -moz-box;
  display: -ms-flexbox;
  display: -webkit-flex;
  display: flex;
  flex-direction: column;
  -webkit-box-align: center;
  -webkit-align-items: center;
  -webkit-box-orient: vertical;
  -webkit-box-direction: normal;
  -webkit-flex-direction: column;
}

<main
  className="glamor-0"
>
  <Hero />
  <Calculator>
    <Display
      output="12"
    />
    <Buttons
      actions={
        Object {
          "add": [Function],
          "clear": [Function],
          "divide": [Function],
          "equals": [Function],
          "input": [Function],
          "multiply": [Function],
          "percent": [Function],
          "posneg": [Function],
          "subtract": [Function],
        }
      }
    />
  </Calculator>
</main>
`;
