// Jest Snapshot v1, https://goo.gl/fbAQLP

exports[`<Display /> renders 1`] = `
.glamor-0,
[data-glamor-0] {
  align-items: center;
  color: #fafafa;
  display: -webkit-box;
  display: -moz-box;
  display: -ms-flexbox;
  display: -webkit-flex;
  display: flex;
  font-size: 1.5em;
  height: 2.5em;
  justify-content: flex-end;
  padding: 0 1em;
  -webkit-box-align: center;
  -webkit-align-items: center;
  -webkit-box-pack: end;
  -webkit-justify-content: flex-end;
}

<div
  className="glamor-0"
>
  13
</div>
`;
